[www.fortworthbarbershop.com/index.html]
[backblue.gif]
[fade.gif]
[index.html]
[images.squarespace-cdn.com/content/5f0087fc0414060b9b15c82d/1600100307447-BGTWUTBUH9TWG49CLKAG/social_shareee8a.jpg]
[use.typekit.net/ik/JAVb5wJEka8rACDQr0FbXkpdHyF-ZbLbFnL3-DV-e9jfenMIfFHN4UJLFRbh52jhWDmcw2MtFhZRw2bUF2MhweJojRIujD6kZg7LMkG0jAFu-WsoShFGZAsude80ZkoRdhXCHKoyjamTiY8Djhy8ZYmC-Ao1Oco8if37OcBDOcu8OfG0S]
[assets.squarespace.com/@sqs/polyfiller/1.6/legacy.js]
[assets.squarespace.com/universal/scripts-compressed/extract-css-runtime-87dc1e05215056ccccb0-min.en-US.js]
[assets.squarespace.com/@sqs/polyfiller/1.6/modern.js]
[assets.squarespace.com/universal/scripts-compressed/cldr-resource-pack-e94539391642d3b99900-min.en-US.js]
[assets.squarespace.com/universal/scripts-compressed/common-vendors-stable-3598b219a3c023c1915a-min.en-US.js]
[assets.squarespace.com/universal/scripts-compressed/extract-css-moment-js-vendor-6f117db4eb7fd4392375-min.en-US.js]
[assets.squarespace.com/universal/scripts-compressed/performance-1897f8f717979f7b8107-min.en-US.js]
[static1.squarespace.com/static/vta/5c5a519771c10ba3470d8101/versioned-assets/1716308142457-NTLQBPORVVYGYH5NWZVQ/static.css]
[static1.squarespace.com/static/versioned-site-css/5f0087fc0414060b9b15c82d/55/5c5a519771c10ba3470d8101/5f0087fc0414060b9b15c847/1528/site.css]
[www.fortworthbarbershop.com/cart.html]
[www.fortworthbarbershop.com/services.html]
[www.fortworthbarbershop.com/about.html]
[images.squarespace-cdn.com/content/v1/5f0087fc0414060b9b15c82d/1600100451072-TIFXK7L9R0EF8S8YEGXE/FWBS_logo26f7.png]
[www.fortworthbarbershop.com/contact.html]
[images.squarespace-cdn.com/content/v1/5f0087fc0414060b9b15c82d/1600100414162-EOQACJ51FNBHUFZQZMXN/FWBS_logo26f7.png]
[images.squarespace-cdn.com/content/v1/5f0087fc0414060b9b15c82d/8e80efa6-312b-4cb4-b33e-251a16e9d81e/KH-FWBarberShop-2A8A9959.jpg]
[images.squarespace-cdn.com/content/v1/5f0087fc0414060b9b15c82d/0fc3fc19-906a-46ce-a0de-71985ac1e116/KH-FWBarberShop-2A8A9967.jpg]
[assets.squarespace.com/universal/scripts-compressed/common-vendors-180eaab5800ec79fc33e-min.en-US.js]
[images.squarespace-cdn.com/content/v1/5f0087fc0414060b9b15c82d/1594137978242-O9YO0X7U11QYXVBDH2DZ/Divider.png]
[images.squarespace-cdn.com/content/v1/5f0087fc0414060b9b15c82d/1594136261119-KO9ZDU39IITEEOZOGFBQ/FWBS_logo.png]
[static1.squarespace.com/static/vta/5c5a519771c10ba3470d8101/scripts/site-bundle.fdb3342ec883d35bb41feb2170752cde.js]
[www.fortworthbarbershop.com/index.html]
[assets.squarespace.com/universal/scripts-compressed/common-d6ebec74d8dd4515b804-min.en-US.js]
[assets.squarespace.com/universal/images-v6/damask/error-dark.png]
[assets.squarespace.com/universal/images-v6/damask/error-dark@2x.png]
[assets.squarespace.com/universal/images-v6/damask/play-button.png]
[assets.squarespace.com/universal/images-v6/damask/play-button@2x.png]
[assets.squarespace.com/universal/images-v6/damask/edit-aviary-light.png]
[assets.squarespace.com/universal/images-v6/damask/edit-aviary-light@2x.png]
[assets.squarespace.com/universal/images-v6/damask/edit-info-light.png]
[assets.squarespace.com/universal/images-v6/damask/edit-info-light@2x.png]
[assets.squarespace.com/universal/images-v6/damask/trash-9-light.png]
[assets.squarespace.com/universal/images-v6/damask/trash-9-light@2x.png]
[assets.squarespace.com/universal/images-v6/damask/trash-9-red.png]
[assets.squarespace.com/universal/images-v6/damask/trash-9-red@2x.png]
[assets.squarespace.com/universal/images-v6/damask/getty-16-light.png]
[assets.squarespace.com/universal/images-v6/damask/getty-32-light.png]
[assets.squarespace.com/universal/images-v6/damask/shopping-cart-16-light.png]
[assets.squarespace.com/universal/images-v6/damask/shopping-cart-32-light.png]
[assets.squarespace.com/universal/images-v6/icons/block-indicator-dark.png]
[assets.squarespace.com/universal/images-v6/icons/block-indicator-dark@2x.png]
[assets.squarespace.com/universal/images-v6/icons/opentable-icons.png]
[assets.squarespace.com/universal/images-v6/icons/icon-searchqueries-20-dark.png]
[assets.squarespace.com/universal/images-v6/icons/icon-searchqueries-20-light.png]
[assets.squarespace.com/universal/images-v6/icons/icon-video-24-light-solid.png]
[assets.squarespace.com/universal/images-v6/standard/icon_close_7_light.png]
[assets.squarespace.com/universal/images-v6/icons/icon-settings-16-light.png]
[static1.squarespace.com/static/versioned-site-css/5f0087fc0414060b9b15c82d/55/5c5a519771c10ba3470d8101/5f0087fc0414060b9b15c847/1528/site.css]
[static1.squarespace.com/static/vta/5c5a519771c10ba3470d8101/versioned-assets/1716308142457-NTLQBPORVVYGYH5NWZVQ/static.css]
[assets.squarespace.com/universal/scripts-compressed/extract-css-runtime-e6651e2bf68c00867f43-min.en-US.js]
[www.fortworthbarbershop.com/cart.html]
[images.squarespace-cdn.com/content/v1/5f0087fc0414060b9b15c82d/fae4763d-a1df-4f65-9e0f-d0a1c9ad2b5f/KH-FortWorthBarberShop-4238.jpg]
[static1.squarespace.com/static/versioned-site-css/5f0087fc0414060b9b15c82d/55/5c5a519771c10ba3470d8101/5f0087fc0414060b9b15c847/1529/site.css]
[images.squarespace-cdn.com/content/v1/5f0087fc0414060b9b15c82d/1595216311985-HFW1CO48JDWIC6JA1V2F/Divider.png]
[images.squarespace-cdn.com/content/v1/5f0087fc0414060b9b15c82d/65ad5b84-3a36-4b31-9baa-ec3b84193a2e/KH-FWBarberShop-2A8A9933.jpg]
[static1.squarespace.com/static/vta/5c5a519771c10ba3470d8101/scripts/site-bundle.951f531f248730580867fa534b60d99a.js]
[www.fortworthbarbershop.com/services.html]
[images.squarespace-cdn.com/content/v1/5f0087fc0414060b9b15c82d/dae0101f-96cd-4529-8dda-a79aed6c4047/KH-FWBarberShop-2A8A0049.jpg]
[www.fortworthbarbershop.com/about.html]
[images.squarespace-cdn.com/content/v1/5f0087fc0414060b9b15c82d/ea18aa4f-0034-42ac-bb79-8f139734d3d4/KH-FortWorthBarberShop-4187.jpg]
[images.squarespace-cdn.com/content/v1/5f0087fc0414060b9b15c82d/12b52057-e5ad-4c66-9d9a-73d2e8a2098c/KH-FWBarberShop-2A8A0033.jpg]
[www.fortworthbarbershop.com/contact.html]
[www.fortworthbarbershop.com/_/cdn.embedly.com/widgets/mediafdb2.html]
[assets.squarespace.com/universal/scripts-compressed/common-bdca6ed81994522c15f5-min.en-US.js]
[static1.squarespace.com/static/versioned-site-css/5f0087fc0414060b9b15c82d/55/5c5a519771c10ba3470d8101/5f0087fc0414060b9b15c847/1529/site.css]
